2025-05-18 18:04:07 | INFO     | logger:82 - Connecting To MotherDuck to Load Data
2025-05-18 18:04:22 | INFO     | logger:82 - Connection Successfully intiated
2025-05-18 18:04:30 | INFO     | logger:82 - Get Daily Weather Data of 2023-10-01
2025-05-18 18:31:47 | INFO     | logger:82 - Connecting To MotherDuck to Load Data
2025-05-18 18:31:55 | INFO     | logger:82 - Connection Successfully intiated
2025-05-18 18:31:57 | INFO     | logger:82 - Get Daily Weather Data of 2025-04-29
2025-05-18 18:32:18 | INFO     | logger:82 - Daily Data for 2025-04-29 Exists
2025-05-18 18:32:28 | INFO     | logger:82 - Check if Data Exist for the current-date: 2025-04-29
2025-05-18 18:51:07 | INFO     | logger:82 - Connecting To MotherDuck to Load Data
2025-05-18 18:51:13 | INFO     | logger:82 - Connection Successfully intiated
2025-05-18 18:51:16 | INFO     | logger:82 - Get Daily Weather Data of 2025-04-29
2025-05-18 18:51:19 | INFO     | logger:82 - Daily Data for 2025-04-29 Exists
2025-05-18 18:51:29 | INFO     | logger:82 - Check if Data Exist for the current-date: 2025-04-29
2025-05-18 20:34:05 | INFO     | logger:82 - Connecting To MotherDuck to Load Data
2025-05-18 20:34:55 | INFO     | logger:82 - Connection Successfully intiated
2025-05-18 20:35:00 | INFO     | logger:82 - Get Daily Weather Data of 2025-04-29
2025-05-18 20:35:32 | INFO     | logger:82 - Daily Data for 2025-04-29 Exists
2025-05-18 20:35:36 | INFO     | logger:82 - Check if Data Exist for the current-date: 2025-04-29
2025-05-18 20:43:57 | INFO     | logger:82 - Connecting To MotherDuck to Load Data
2025-05-18 20:45:13 | INFO     | logger:82 - Connecting To MotherDuck to Load Data
2025-05-18 20:45:19 | INFO     | logger:82 - Connection Successfully intiated
2025-05-18 20:45:22 | INFO     | logger:82 - Get Daily Weather Data of 2025-04-29
2025-05-18 20:45:50 | INFO     | logger:82 - Daily Data for 2025-04-29 Exists
2025-05-18 20:45:53 | INFO     | logger:82 - Check if Data Exist for the current-date: 2025-04-29
2025-05-18 20:46:03 | INFO     | logger:82 - found 0 records
2025-05-18 20:46:09 | INFO     | logger:82 - no data exists for 2025-04-29
2025-05-18 20:48:02 | INFO     | logger:82 - Connecting To MotherDuck to Load Data
2025-05-18 20:49:17 | INFO     | logger:82 - Connection Successfully intiated
2025-05-18 20:49:20 | INFO     | logger:82 - Get Daily Weather Data of 2025-04-29
2025-05-18 20:49:24 | INFO     | logger:82 - Daily Data for 2025-04-29 Exists
2025-05-18 20:49:26 | INFO     | logger:82 - Check if Data Exist for the current-date: 2025-04-29
2025-05-18 20:49:26 | INFO     | logger:82 - found 0 records
2025-05-18 20:49:26 | INFO     | logger:82 - no data exists for 2025-04-29
2025-05-18 20:49:34 | INFO     | logger:82 - Data Insert Successfully into daily_weather_data Table
2025-05-18 20:49:37 | INFO     | logger:82 - Deleting Out of Range Data
2025-05-18 20:49:37 | INFO     | logger:82 - Data Deleted Successfully
2025-05-18 20:49:38 | INFO     | logger:82 - Connection with MotherDuck Closed
2025-05-18 21:38:11 | INFO     | logger:82 - Connecting To MotherDuck to Load Data
2025-05-18 21:38:18 | INFO     | logger:82 - Connection Successfully intiated
2025-05-18 21:38:22 | INFO     | logger:82 - Get Last Daily Weather Data
2025-05-18 21:39:22 | INFO     | logger:82 - Connecting To MotherDuck to Load Data
2025-05-18 21:39:24 | INFO     | logger:82 - Connection Successfully intiated
2025-05-18 21:39:28 | INFO     | logger:82 - Get Last Daily Weather Data
2025-05-18 21:39:30 | INFO     | logger:82 - Get Daily Weather Data of None
2025-05-18 21:39:31 | INFO     | logger:82 - Daily Data for 2024-04-29 Exists
2025-05-18 21:39:32 | INFO     | logger:82 - Check if Data Exist for the current-date: 2024-04-29
2025-05-18 21:39:32 | INFO     | logger:82 - found 0 records
2025-05-18 21:39:32 | INFO     | logger:82 - no data exists for 2024-04-29
2025-05-18 21:39:34 | INFO     | logger:82 - Data Insert Successfully into daily_weather_data Table
2025-05-18 21:39:35 | INFO     | logger:82 - Deleting Out of Range Data
2025-05-18 21:39:36 | INFO     | logger:82 - Data Deleted Successfully
2025-05-18 21:39:36 | INFO     | logger:82 - Connection with MotherDuck Closed
2025-05-18 23:35:30 | INFO     | logger:82 - Connecting To MotherDuck to Get/Load Data
2025-05-18 23:36:00 | INFO     | logger:82 - Getting Scoring Data From MotherDuck
2025-05-18 23:37:38 | INFO     | logger:82 - Connecting To MotherDuck to Get/Load Data
2025-05-18 23:37:40 | INFO     | logger:82 - Getting Scoring Data From MotherDuck
2025-05-18 23:39:36 | INFO     | logger:82 - Connecting To MotherDuck to Get/Load Data
2025-05-18 23:39:38 | INFO     | logger:82 - Getting Scoring Data From MotherDuck
2025-05-18 23:40:42 | INFO     | logger:82 - Connecting To MotherDuck to Get/Load Data
2025-05-18 23:40:43 | INFO     | logger:82 - Getting Scoring Data From MotherDuck
2025-05-18 23:41:28 | INFO     | logger:82 - Connecting To MotherDuck to Get/Load Data
2025-05-18 23:41:30 | INFO     | logger:82 - Getting Scoring Data From MotherDuck
2025-05-18 23:42:44 | INFO     | logger:82 - Connecting To MotherDuck to Get/Load Data
2025-05-18 23:44:52 | INFO     | logger:82 - Connecting To MotherDuck to Get/Load Data
2025-05-18 23:44:54 | INFO     | logger:82 - Getting Scoring Data From MotherDuck
2025-05-18 23:47:30 | INFO     | logger:82 - Connecting To MotherDuck to Get/Load Data
2025-05-18 23:47:33 | INFO     | logger:82 - Getting Scoring Data From MotherDuck
