2025-05-09 10:15:20 | INFO     | logger:82 - Training started
2025-05-09 10:16:04 | INFO     | logger:82 - Training started
2025-05-09 10:17:14 | INFO     | logger:82 - Training started
2025-05-09 10:18:11 | INFO     | logger:82 - Training started
2025-05-09 10:19:06 | INFO     | logger:82 - Training started
2025-05-09 10:19:48 | INFO     | logger:82 - Training started
2025-05-09 10:19:49 | ERROR    | logger:104 - File E:\ITI Data science\MLOps\MLOPS-Labs\lab0\data\raw\train.csv does not exist or is not a file.
2025-05-09 10:20:20 | INFO     | logger:82 - Training started
2025-05-09 10:20:20 | SUCCESS  | logger:126 - Dataset loaded from E:\ITI Data science\MLOps\MLOPS-Labs\lab0\data\raw\train.csv.
2025-05-09 10:20:38 | INFO     | logger:82 - Training started
2025-05-09 10:20:38 | SUCCESS  | logger:126 - Dataset loaded from E:\ITI Data science\MLOps\MLOPS-Labs\lab0\data\raw\train.csv.
2025-05-09 10:20:56 | INFO     | logger:82 - Training started
2025-05-09 10:21:00 | SUCCESS  | logger:126 - Dataset loaded from E:\ITI Data science\MLOps\MLOPS-Labs\lab0\data\raw\train.csv.
2025-05-09 10:21:19 | INFO     | logger:82 - Training started
2025-05-09 10:21:20 | SUCCESS  | logger:126 - Dataset loaded from E:\ITI Data science\MLOps\MLOPS-Labs\lab0\data\raw\train.csv.
2025-05-09 10:21:20 | SUCCESS  | logger:126 - Feature engineering completed.
2025-05-09 10:21:20 | SUCCESS  | logger:126 - Dataset saved to E:\ITI Data science\MLOps\MLOPS-Labs\lab0\data\interim\train.csv.
2025-05-09 10:21:20 | ERROR    | logger:104 - Invalid data type. Expected a file path (str) or a DataFrame.
2025-05-09 10:21:45 | INFO     | logger:82 - Training started
2025-05-09 10:21:45 | SUCCESS  | logger:126 - Dataset loaded from E:\ITI Data science\MLOps\MLOPS-Labs\lab0\data\raw\train.csv.
2025-05-09 10:22:01 | SUCCESS  | logger:126 - Feature engineering completed.
2025-05-09 10:22:03 | SUCCESS  | logger:126 - Dataset saved to E:\ITI Data science\MLOps\MLOPS-Labs\lab0\data\interim\train.csv.
2025-05-09 10:22:04 | ERROR    | logger:104 - Invalid data type. Expected a file path (str) or a DataFrame.
2025-05-09 10:23:06 | INFO     | logger:82 - Training started
2025-05-09 10:23:06 | SUCCESS  | logger:126 - Dataset loaded from E:\ITI Data science\MLOps\MLOPS-Labs\lab0\data\raw\train.csv.
2025-05-09 10:23:07 | SUCCESS  | logger:126 - Feature engineering completed.
2025-05-09 10:23:07 | SUCCESS  | logger:126 - Dataset saved to E:\ITI Data science\MLOps\MLOPS-Labs\lab0\data\interim\train.csv.
2025-05-09 10:24:40 | INFO     | logger:82 - Training started
2025-05-09 10:24:41 | SUCCESS  | logger:126 - Dataset loaded from E:\ITI Data science\MLOps\MLOPS-Labs\lab0\data\raw\train.csv.
2025-05-09 10:24:42 | SUCCESS  | logger:126 - Feature engineering completed.
2025-05-09 10:24:42 | SUCCESS  | logger:126 - Dataset saved to E:\ITI Data science\MLOps\MLOPS-Labs\lab0\data\interim\train.csv.
2025-05-09 10:25:48 | INFO     | logger:82 - Training started
2025-05-09 10:25:49 | SUCCESS  | logger:126 - Dataset loaded from E:\ITI Data science\MLOps\MLOPS-Labs\lab0\data\raw\train.csv.
2025-05-09 10:25:49 | SUCCESS  | logger:126 - Feature engineering completed.
2025-05-09 10:25:49 | SUCCESS  | logger:126 - Dataset saved to E:\ITI Data science\MLOps\MLOPS-Labs\lab0\data\interim\train.csv.
2025-05-09 10:26:00 | SUCCESS  | logger:126 - Dataset split into training and testing sets.
2025-05-09 10:26:01 | ERROR    | logger:104 - Invalid data type. Expected a file path (str) or a DataFrame.
2025-05-09 10:26:28 | INFO     | logger:82 - Training started
2025-05-09 10:26:28 | SUCCESS  | logger:126 - Dataset loaded from E:\ITI Data science\MLOps\MLOPS-Labs\lab0\data\raw\train.csv.
2025-05-09 10:26:29 | SUCCESS  | logger:126 - Feature engineering completed.
2025-05-09 10:26:29 | SUCCESS  | logger:126 - Dataset saved to E:\ITI Data science\MLOps\MLOPS-Labs\lab0\data\interim\train.csv.
2025-05-09 10:26:49 | SUCCESS  | logger:126 - Dataset split into training and testing sets.
2025-05-09 10:26:49 | ERROR    | logger:104 - Invalid data type. Expected a file path (str) or a DataFrame.
2025-05-09 10:27:01 | INFO     | logger:82 - Training started
2025-05-09 10:27:03 | SUCCESS  | logger:126 - Dataset loaded from E:\ITI Data science\MLOps\MLOPS-Labs\lab0\data\raw\train.csv.
2025-05-09 10:27:05 | SUCCESS  | logger:126 - Feature engineering completed.
2025-05-09 10:27:05 | SUCCESS  | logger:126 - Dataset saved to E:\ITI Data science\MLOps\MLOPS-Labs\lab0\data\interim\train.csv.
2025-05-09 10:27:36 | SUCCESS  | logger:126 - Dataset split into training and testing sets.
2025-05-09 10:28:54 | INFO     | logger:82 - Training started
2025-05-09 10:28:54 | SUCCESS  | logger:126 - Dataset loaded from E:\ITI Data science\MLOps\MLOPS-Labs\lab0\data\raw\train.csv.
2025-05-09 10:28:55 | SUCCESS  | logger:126 - Feature engineering completed.
2025-05-09 10:28:55 | SUCCESS  | logger:126 - Dataset saved to E:\ITI Data science\MLOps\MLOPS-Labs\lab0\data\interim\train.csv.
2025-05-09 10:28:56 | SUCCESS  | logger:126 - Dataset split into training and testing sets.
2025-05-09 10:28:56 | ERROR    | logger:104 - Invalid data type. Expected a file path (str) or a DataFrame.
2025-05-09 10:29:21 | INFO     | logger:82 - Training started
2025-05-09 10:29:21 | SUCCESS  | logger:126 - Dataset loaded from E:\ITI Data science\MLOps\MLOPS-Labs\lab0\data\raw\train.csv.
2025-05-09 10:29:22 | SUCCESS  | logger:126 - Feature engineering completed.
2025-05-09 10:29:22 | SUCCESS  | logger:126 - Dataset saved to E:\ITI Data science\MLOps\MLOPS-Labs\lab0\data\interim\train.csv.
2025-05-09 10:29:30 | SUCCESS  | logger:126 - Dataset split into training and testing sets.
2025-05-09 10:30:10 | INFO     | logger:82 - Training started
2025-05-09 10:30:11 | SUCCESS  | logger:126 - Dataset loaded from E:\ITI Data science\MLOps\MLOPS-Labs\lab0\data\raw\train.csv.
2025-05-09 10:30:11 | SUCCESS  | logger:126 - Feature engineering completed.
2025-05-09 10:30:11 | SUCCESS  | logger:126 - Dataset saved to E:\ITI Data science\MLOps\MLOPS-Labs\lab0\data\interim\train.csv.
2025-05-09 10:30:15 | SUCCESS  | logger:126 - Dataset split into training and testing sets.
2025-05-09 10:31:35 | INFO     | logger:82 - Training started
2025-05-09 10:31:35 | SUCCESS  | logger:126 - Dataset loaded from E:\ITI Data science\MLOps\MLOPS-Labs\lab0\data\raw\train.csv.
2025-05-09 10:31:36 | SUCCESS  | logger:126 - Feature engineering completed.
2025-05-09 10:31:36 | SUCCESS  | logger:126 - Dataset saved to E:\ITI Data science\MLOps\MLOPS-Labs\lab0\data\interim\train.csv.
2025-05-09 10:31:39 | SUCCESS  | logger:126 - Dataset split into training and testing sets.
2025-05-09 10:34:43 | INFO     | logger:82 - Training started
2025-05-09 10:34:43 | SUCCESS  | logger:126 - Dataset loaded from E:\ITI Data science\MLOps\MLOPS-Labs\lab0\data\raw\train.csv.
2025-05-09 10:34:43 | SUCCESS  | logger:126 - Feature engineering completed.
2025-05-09 10:34:43 | SUCCESS  | logger:126 - Dataset saved to E:\ITI Data science\MLOps\MLOPS-Labs\lab0\data\interim\train.csv.
2025-05-09 10:34:43 | SUCCESS  | logger:126 - Dataset split into training and testing sets.
2025-05-09 10:34:53 | SUCCESS  | logger:126 - Dataset saved to E:\ITI Data science\MLOps\MLOPS-Labs\lab0\data\interim\train.csv.
2025-05-09 10:34:55 | SUCCESS  | logger:126 - Dataset saved to E:\ITI Data science\MLOps\MLOPS-Labs\lab0\data\interim\val.csv.
2025-05-09 10:35:17 | INFO     | logger:82 - Training started
2025-05-09 10:35:17 | SUCCESS  | logger:126 - Dataset loaded from E:\ITI Data science\MLOps\MLOPS-Labs\lab0\data\raw\train.csv.
2025-05-09 10:35:17 | SUCCESS  | logger:126 - Feature engineering completed.
2025-05-09 10:35:17 | SUCCESS  | logger:126 - Dataset saved to E:\ITI Data science\MLOps\MLOPS-Labs\lab0\data\interim\train.csv.
2025-05-09 10:35:17 | SUCCESS  | logger:126 - Dataset split into training and testing sets.
2025-05-09 10:35:20 | SUCCESS  | logger:126 - Dataset saved to E:\ITI Data science\MLOps\MLOPS-Labs\lab0\data\interim\train.csv.
2025-05-09 10:35:21 | SUCCESS  | logger:126 - Dataset saved to E:\ITI Data science\MLOps\MLOPS-Labs\lab0\data\interim\val.csv.
2025-05-09 10:36:22 | INFO     | logger:82 - Training started
2025-05-09 10:36:22 | SUCCESS  | logger:126 - Dataset loaded from E:\ITI Data science\MLOps\MLOPS-Labs\lab0\data\raw\train.csv.
2025-05-09 10:36:22 | SUCCESS  | logger:126 - Feature engineering completed.
2025-05-09 10:36:22 | SUCCESS  | logger:126 - Dataset saved to E:\ITI Data science\MLOps\MLOPS-Labs\lab0\data\interim\train.csv.
2025-05-09 10:36:22 | SUCCESS  | logger:126 - Dataset split into training and testing sets.
2025-05-09 10:36:24 | SUCCESS  | logger:126 - Dataset saved to E:\ITI Data science\MLOps\MLOPS-Labs\lab0\data\interim\train.csv.
2025-05-09 10:36:26 | SUCCESS  | logger:126 - Dataset saved to E:\ITI Data science\MLOps\MLOPS-Labs\lab0\data\interim\val.csv.
2025-05-09 10:38:37 | INFO     | logger:82 - Training started
2025-05-09 10:38:37 | SUCCESS  | logger:126 - Dataset loaded from E:\ITI Data science\MLOps\MLOPS-Labs\lab0\data\raw\train.csv.
2025-05-09 10:38:37 | SUCCESS  | logger:126 - Feature engineering completed.
2025-05-09 10:38:37 | SUCCESS  | logger:126 - Dataset saved to E:\ITI Data science\MLOps\MLOPS-Labs\lab0\data\interim\train.csv.
2025-05-09 10:38:37 | SUCCESS  | logger:126 - Dataset split into training and testing sets.
2025-05-09 10:38:40 | SUCCESS  | logger:126 - Dataset saved to E:\ITI Data science\MLOps\MLOPS-Labs\lab0\data\interim\train.csv.
2025-05-09 10:38:41 | SUCCESS  | logger:126 - Dataset saved to E:\ITI Data science\MLOps\MLOPS-Labs\lab0\data\interim\val.csv.
2025-05-09 10:42:14 | INFO     | logger:82 - Training started
2025-05-09 10:42:14 | SUCCESS  | logger:126 - Dataset loaded from E:\ITI Data science\MLOps\MLOPS-Labs\lab0\data\raw\train.csv.
2025-05-09 10:42:14 | SUCCESS  | logger:126 - Feature engineering completed.
2025-05-09 10:42:14 | SUCCESS  | logger:126 - Dataset saved to E:\ITI Data science\MLOps\MLOPS-Labs\lab0\data\interim\train.csv.
2025-05-09 10:42:14 | SUCCESS  | logger:126 - Dataset split into training and testing sets.
2025-05-09 10:42:16 | SUCCESS  | logger:126 - Dataset saved to E:\ITI Data science\MLOps\MLOPS-Labs\lab0\data\interim\train.csv.
2025-05-09 10:42:16 | SUCCESS  | logger:126 - Dataset saved to E:\ITI Data science\MLOps\MLOPS-Labs\lab0\data\interim\val.csv.
2025-05-09 10:44:19 | INFO     | logger:82 - Training started
2025-05-09 10:44:19 | SUCCESS  | logger:126 - Dataset loaded from E:\ITI Data science\MLOps\MLOPS-Labs\lab0\data\raw\train.csv.
2025-05-09 10:44:20 | SUCCESS  | logger:126 - Feature engineering completed.
2025-05-09 10:44:20 | SUCCESS  | logger:126 - Dataset saved to E:\ITI Data science\MLOps\MLOPS-Labs\lab0\data\interim\train.csv.
2025-05-09 10:44:20 | SUCCESS  | logger:126 - Dataset split into training and testing sets.
2025-05-09 10:44:22 | SUCCESS  | logger:126 - Dataset saved to E:\ITI Data science\MLOps\MLOPS-Labs\lab0\data\interim\train.csv.
2025-05-09 10:44:24 | SUCCESS  | logger:126 - Dataset saved to E:\ITI Data science\MLOps\MLOPS-Labs\lab0\data\interim\val.csv.
2025-05-09 10:45:04 | INFO     | logger:82 - Training started
2025-05-09 10:45:04 | SUCCESS  | logger:126 - Dataset loaded from E:\ITI Data science\MLOps\MLOPS-Labs\lab0\data\raw\train.csv.
2025-05-09 10:45:04 | SUCCESS  | logger:126 - Feature engineering completed.
2025-05-09 10:45:04 | SUCCESS  | logger:126 - Dataset saved to E:\ITI Data science\MLOps\MLOPS-Labs\lab0\data\interim\train.csv.
2025-05-09 10:45:04 | SUCCESS  | logger:126 - Dataset split into training and testing sets.
2025-05-09 10:45:06 | SUCCESS  | logger:126 - Dataset saved to E:\ITI Data science\MLOps\MLOPS-Labs\lab0\data\interim\train.csv.
2025-05-09 10:45:07 | SUCCESS  | logger:126 - Dataset saved to E:\ITI Data science\MLOps\MLOPS-Labs\lab0\data\interim\val.csv.
2025-05-09 10:45:10 | INFO     | logger:82 - X_train shape: (713, 11)
2025-05-09 10:45:10 | INFO     | logger:82 - X_val shape: (178, 11)
2025-05-09 10:45:10 | INFO     | logger:82 - y_train shape: (713,)
2025-05-09 10:45:11 | INFO     | logger:82 - y_val shape: (178,)
2025-05-09 10:45:11 | SUCCESS  | logger:126 - Preprocessing train completed.
2025-05-09 10:45:34 | INFO     | logger:82 - Training started
2025-05-09 10:45:34 | SUCCESS  | logger:126 - Dataset loaded from E:\ITI Data science\MLOps\MLOPS-Labs\lab0\data\raw\train.csv.
2025-05-09 10:45:34 | SUCCESS  | logger:126 - Feature engineering completed.
2025-05-09 10:45:34 | SUCCESS  | logger:126 - Dataset saved to E:\ITI Data science\MLOps\MLOPS-Labs\lab0\data\interim\train.csv.
2025-05-09 10:45:34 | SUCCESS  | logger:126 - Dataset split into training and testing sets.
2025-05-09 10:45:36 | SUCCESS  | logger:126 - Dataset saved to E:\ITI Data science\MLOps\MLOPS-Labs\lab0\data\interim\train.csv.
2025-05-09 10:45:36 | SUCCESS  | logger:126 - Dataset saved to E:\ITI Data science\MLOps\MLOPS-Labs\lab0\data\interim\val.csv.
2025-05-09 10:45:37 | INFO     | logger:82 - X_train shape: (713, 11)
2025-05-09 10:45:37 | INFO     | logger:82 - X_val shape: (178, 11)
2025-05-09 10:45:37 | INFO     | logger:82 - y_train shape: (713,)
2025-05-09 10:45:37 | INFO     | logger:82 - y_val shape: (178,)
2025-05-09 10:45:37 | SUCCESS  | logger:126 - Preprocessing train completed.
2025-05-09 10:45:41 | SUCCESS  | logger:126 - Model trained.
2025-05-09 10:47:51 | INFO     | logger:82 - Training started
2025-05-09 10:47:51 | SUCCESS  | logger:126 - Dataset loaded from E:\ITI Data science\MLOps\MLOPS-Labs\lab0\data\raw\train.csv.
2025-05-09 10:47:51 | SUCCESS  | logger:126 - Feature engineering completed.
2025-05-09 10:47:51 | SUCCESS  | logger:126 - Dataset saved to E:\ITI Data science\MLOps\MLOPS-Labs\lab0\data\interim\train.csv.
2025-05-09 10:47:51 | SUCCESS  | logger:126 - Dataset split into training and testing sets.
2025-05-09 10:47:52 | SUCCESS  | logger:126 - Dataset saved to E:\ITI Data science\MLOps\MLOPS-Labs\lab0\data\interim\train.csv.
2025-05-09 10:47:52 | SUCCESS  | logger:126 - Dataset saved to E:\ITI Data science\MLOps\MLOPS-Labs\lab0\data\interim\val.csv.
2025-05-09 10:47:53 | INFO     | logger:82 - X_train shape: (713, 11)
2025-05-09 10:47:53 | INFO     | logger:82 - X_val shape: (178, 11)
2025-05-09 10:47:53 | INFO     | logger:82 - y_train shape: (713,)
2025-05-09 10:47:53 | INFO     | logger:82 - y_val shape: (178,)
2025-05-09 10:47:53 | SUCCESS  | logger:126 - Preprocessing train completed.
2025-05-09 10:47:54 | SUCCESS  | logger:126 - Model trained.
2025-05-09 10:47:54 | SUCCESS  | logger:126 - Dataset split into training and testing sets.
2025-05-09 10:56:49 | INFO     | logger:82 - Training started
2025-05-09 10:56:49 | SUCCESS  | logger:126 - Dataset loaded from E:\ITI Data science\MLOps\MLOPS-Labs\lab0\data\raw\train.csv.
2025-05-09 10:56:49 | SUCCESS  | logger:126 - Feature engineering completed.
2025-05-09 10:56:49 | SUCCESS  | logger:126 - Dataset saved to E:\ITI Data science\MLOps\MLOPS-Labs\lab0\data\interim\train.csv.
2025-05-09 10:56:49 | SUCCESS  | logger:126 - Dataset split into training and testing sets.
2025-05-09 10:56:51 | SUCCESS  | logger:126 - Dataset saved to E:\ITI Data science\MLOps\MLOPS-Labs\lab0\data\interim\train.csv.
2025-05-09 10:56:51 | SUCCESS  | logger:126 - Dataset saved to E:\ITI Data science\MLOps\MLOPS-Labs\lab0\data\interim\val.csv.
2025-05-09 10:56:51 | INFO     | logger:82 - X_train shape: (713, 11)
2025-05-09 10:56:51 | INFO     | logger:82 - X_val shape: (178, 11)
2025-05-09 10:56:51 | INFO     | logger:82 - y_train shape: (713,)
2025-05-09 10:56:51 | INFO     | logger:82 - y_val shape: (178,)
2025-05-09 10:56:51 | SUCCESS  | logger:126 - Preprocessing train completed.
2025-05-09 10:56:53 | SUCCESS  | logger:126 - Model trained.
2025-05-09 10:56:55 | ERROR    | logger:104 - Invalid data type. Expected a file path (str) or a DataFrame.
2025-05-09 10:57:06 | INFO     | logger:82 - Training started
2025-05-09 10:57:06 | SUCCESS  | logger:126 - Dataset loaded from E:\ITI Data science\MLOps\MLOPS-Labs\lab0\data\raw\train.csv.
2025-05-09 10:57:06 | SUCCESS  | logger:126 - Feature engineering completed.
2025-05-09 10:57:06 | SUCCESS  | logger:126 - Dataset saved to E:\ITI Data science\MLOps\MLOPS-Labs\lab0\data\interim\train.csv.
2025-05-09 10:57:06 | SUCCESS  | logger:126 - Dataset split into training and testing sets.
2025-05-09 10:57:07 | SUCCESS  | logger:126 - Dataset saved to E:\ITI Data science\MLOps\MLOPS-Labs\lab0\data\interim\train.csv.
2025-05-09 10:57:07 | SUCCESS  | logger:126 - Dataset saved to E:\ITI Data science\MLOps\MLOPS-Labs\lab0\data\interim\val.csv.
2025-05-09 10:57:07 | INFO     | logger:82 - X_train shape: (713, 11)
2025-05-09 10:57:07 | INFO     | logger:82 - X_val shape: (178, 11)
2025-05-09 10:57:07 | INFO     | logger:82 - y_train shape: (713,)
2025-05-09 10:57:07 | INFO     | logger:82 - y_val shape: (178,)
2025-05-09 10:57:07 | SUCCESS  | logger:126 - Preprocessing train completed.
2025-05-09 10:57:08 | SUCCESS  | logger:126 - Model trained.
2025-05-09 10:57:09 | ERROR    | logger:104 - Invalid data type. Expected a file path (str) or a DataFrame.
2025-05-09 10:58:12 | INFO     | logger:82 - Training started
2025-05-09 10:58:12 | SUCCESS  | logger:126 - Dataset loaded from E:\ITI Data science\MLOps\MLOPS-Labs\lab0\data\raw\train.csv.
2025-05-09 10:58:12 | SUCCESS  | logger:126 - Feature engineering completed.
2025-05-09 10:58:12 | SUCCESS  | logger:126 - Dataset saved to E:\ITI Data science\MLOps\MLOPS-Labs\lab0\data\interim\train.csv.
2025-05-09 10:58:13 | SUCCESS  | logger:126 - Dataset split into training and testing sets.
2025-05-09 10:58:18 | SUCCESS  | logger:126 - Dataset saved to E:\ITI Data science\MLOps\MLOPS-Labs\lab0\data\interim\train.csv.
2025-05-09 10:58:19 | SUCCESS  | logger:126 - Dataset saved to E:\ITI Data science\MLOps\MLOPS-Labs\lab0\data\interim\val.csv.
2025-05-09 10:58:20 | INFO     | logger:82 - X_train shape: (713, 11)
2025-05-09 10:58:20 | INFO     | logger:82 - X_val shape: (178, 11)
2025-05-09 10:58:21 | INFO     | logger:82 - y_train shape: (713,)
2025-05-09 10:58:21 | INFO     | logger:82 - y_val shape: (178,)
2025-05-09 10:58:21 | SUCCESS  | logger:126 - Preprocessing train completed.
2025-05-09 10:58:24 | SUCCESS  | logger:126 - Model trained.
2025-05-09 10:58:34 | SUCCESS  | logger:126 - Dataset loaded from E:\ITI Data science\MLOps\MLOPS-Labs\lab0\data\interim\train.csv.
2025-05-09 10:58:40 | SUCCESS  | logger:126 - Model saved to E:\ITI Data science\MLOps\MLOPS-Labs\lab0\models\random_forest.pkl.
2025-05-09 10:58:40 | INFO     | logger:82 - Training finished
2025-05-09 10:58:47 | INFO     | logger:82 - loading model
2025-05-09 10:58:56 | INFO     | logger:82 - creating evaluation report
2025-05-09 11:00:58 | INFO     | logger:82 - Training started
2025-05-09 11:00:59 | SUCCESS  | logger:126 - Dataset loaded from E:\ITI Data science\MLOps\MLOPS-Labs\lab0\data\raw\train.csv.
2025-05-09 11:00:59 | SUCCESS  | logger:126 - Feature engineering completed.
2025-05-09 11:00:59 | SUCCESS  | logger:126 - Dataset saved to E:\ITI Data science\MLOps\MLOPS-Labs\lab0\data\interim\train.csv.
2025-05-09 11:01:00 | SUCCESS  | logger:126 - Dataset split into training and testing sets.
2025-05-09 11:01:01 | SUCCESS  | logger:126 - Dataset saved to E:\ITI Data science\MLOps\MLOPS-Labs\lab0\data\interim\train.csv.
2025-05-09 11:01:01 | SUCCESS  | logger:126 - Dataset saved to E:\ITI Data science\MLOps\MLOPS-Labs\lab0\data\interim\val.csv.
2025-05-09 11:01:01 | INFO     | logger:82 - X_train shape: (713, 11)
2025-05-09 11:01:01 | INFO     | logger:82 - X_val shape: (178, 11)
2025-05-09 11:01:01 | INFO     | logger:82 - y_train shape: (713,)
2025-05-09 11:01:01 | INFO     | logger:82 - y_val shape: (178,)
2025-05-09 11:01:01 | SUCCESS  | logger:126 - Preprocessing train completed.
2025-05-09 11:01:03 | SUCCESS  | logger:126 - Model trained.
2025-05-09 11:01:04 | SUCCESS  | logger:126 - Dataset loaded from E:\ITI Data science\MLOps\MLOPS-Labs\lab0\data\interim\train.csv.
2025-05-09 11:01:04 | INFO     | logger:82 - X_train shape: (713, 24)
2025-05-09 11:01:11 | SUCCESS  | logger:126 - Model saved to E:\ITI Data science\MLOps\MLOPS-Labs\lab0\models\random_forest.pkl.
2025-05-09 11:02:10 | INFO     | logger:82 - Training finished
2025-05-09 11:02:14 | INFO     | logger:82 - loading model
2025-05-09 11:02:37 | INFO     | logger:82 - creating evaluation report
2025-05-09 11:04:41 | INFO     | logger:82 - Training started
2025-05-09 11:04:41 | SUCCESS  | logger:126 - Dataset loaded from E:\ITI Data science\MLOps\MLOPS-Labs\lab0\data\raw\train.csv.
2025-05-09 11:04:41 | SUCCESS  | logger:126 - Feature engineering completed.
2025-05-09 11:04:41 | SUCCESS  | logger:126 - Dataset saved to E:\ITI Data science\MLOps\MLOPS-Labs\lab0\data\interim\train.csv.
2025-05-09 11:04:41 | SUCCESS  | logger:126 - Dataset split into training and testing sets.
2025-05-09 11:04:44 | SUCCESS  | logger:126 - Dataset saved to E:\ITI Data science\MLOps\MLOPS-Labs\lab0\data\interim\train.csv.
2025-05-09 11:04:44 | SUCCESS  | logger:126 - Dataset saved to E:\ITI Data science\MLOps\MLOPS-Labs\lab0\data\interim\val.csv.
2025-05-09 11:04:44 | INFO     | logger:82 - X_train shape: (713, 11)
2025-05-09 11:04:44 | INFO     | logger:82 - X_val shape: (178, 11)
2025-05-09 11:04:44 | INFO     | logger:82 - y_train shape: (713,)
2025-05-09 11:04:44 | INFO     | logger:82 - y_val shape: (178,)
2025-05-09 11:04:44 | SUCCESS  | logger:126 - Preprocessing train completed.
2025-05-09 11:04:50 | SUCCESS  | logger:126 - Model trained.
2025-05-09 11:04:52 | SUCCESS  | logger:126 - Dataset loaded from E:\ITI Data science\MLOps\MLOPS-Labs\lab0\data\interim\train.csv.
2025-05-09 11:04:52 | INFO     | logger:82 - X_train shape: (713, 24)
2025-05-09 11:04:55 | SUCCESS  | logger:126 - Model saved to E:\ITI Data science\MLOps\MLOPS-Labs\lab0\models\random_forest.pkl.
2025-05-09 11:04:56 | INFO     | logger:82 - Training finished
2025-05-09 11:04:58 | INFO     | logger:82 - loading model
2025-05-09 11:05:01 | SUCCESS  | logger:126 - Dataset loaded from E:\ITI Data science\MLOps\MLOPS-Labs\lab0\data\interim\val.csv.
2025-05-09 11:05:05 | INFO     | logger:82 - creating evaluation report
2025-05-09 11:06:38 | INFO     | logger:82 - Training started
2025-05-09 11:06:39 | SUCCESS  | logger:126 - Dataset loaded from E:\ITI Data science\MLOps\MLOPS-Labs\lab0\data\raw\train.csv.
2025-05-09 11:06:39 | SUCCESS  | logger:126 - Feature engineering completed.
2025-05-09 11:06:39 | SUCCESS  | logger:126 - Dataset saved to E:\ITI Data science\MLOps\MLOPS-Labs\lab0\data\interim\train.csv.
2025-05-09 11:06:44 | SUCCESS  | logger:126 - Dataset split into training and testing sets.
2025-05-09 11:06:47 | SUCCESS  | logger:126 - Dataset saved to E:\ITI Data science\MLOps\MLOPS-Labs\lab0\data\interim\train.csv.
2025-05-09 11:06:50 | SUCCESS  | logger:126 - Dataset saved to E:\ITI Data science\MLOps\MLOPS-Labs\lab0\data\interim\val.csv.
2025-05-09 11:07:49 | INFO     | logger:82 - Training started
2025-05-09 11:07:49 | SUCCESS  | logger:126 - Dataset loaded from E:\ITI Data science\MLOps\MLOPS-Labs\lab0\data\raw\train.csv.
2025-05-09 11:07:49 | SUCCESS  | logger:126 - Feature engineering completed.
2025-05-09 11:07:49 | SUCCESS  | logger:126 - Dataset saved to E:\ITI Data science\MLOps\MLOPS-Labs\lab0\data\interim\train.csv.
2025-05-09 11:07:49 | SUCCESS  | logger:126 - Dataset split into training and testing sets.
2025-05-09 11:07:53 | SUCCESS  | logger:126 - Dataset saved to E:\ITI Data science\MLOps\MLOPS-Labs\lab0\data\interim\train.csv.
2025-05-09 11:07:56 | SUCCESS  | logger:126 - Dataset saved to E:\ITI Data science\MLOps\MLOPS-Labs\lab0\data\interim\val.csv.
2025-05-09 11:08:05 | INFO     | logger:82 - Columns to drop: ['PassengerId', 'Name', 'Ticket', 'Cabin']
2025-05-09 11:09:52 | INFO     | logger:82 - Training started
2025-05-09 11:09:52 | SUCCESS  | logger:126 - Dataset loaded from E:\ITI Data science\MLOps\MLOPS-Labs\lab0\data\raw\train.csv.
2025-05-09 11:09:52 | SUCCESS  | logger:126 - Feature engineering completed.
2025-05-09 11:09:52 | SUCCESS  | logger:126 - Dataset saved to E:\ITI Data science\MLOps\MLOPS-Labs\lab0\data\interim\train.csv.
2025-05-09 11:09:52 | SUCCESS  | logger:126 - Dataset split into training and testing sets.
2025-05-09 11:09:53 | SUCCESS  | logger:126 - Dataset saved to E:\ITI Data science\MLOps\MLOPS-Labs\lab0\data\interim\train.csv.
2025-05-09 11:09:53 | SUCCESS  | logger:126 - Dataset saved to E:\ITI Data science\MLOps\MLOPS-Labs\lab0\data\interim\val.csv.
2025-05-09 11:09:53 | INFO     | logger:82 - Columns to drop: ['PassengerId', 'Name', 'Ticket', 'Cabin']
2025-05-09 11:10:02 | INFO     | logger:82 - X_train shape: (713, 11)
2025-05-09 11:10:03 | INFO     | logger:82 - X_val shape: (178, 11)
2025-05-09 11:10:03 | INFO     | logger:82 - y_train shape: (713,)
2025-05-09 11:10:03 | INFO     | logger:82 - y_val shape: (178,)
2025-05-09 11:10:03 | SUCCESS  | logger:126 - Preprocessing train completed.
2025-05-09 11:10:06 | SUCCESS  | logger:126 - Model trained.
2025-05-09 11:10:08 | SUCCESS  | logger:126 - Dataset loaded from E:\ITI Data science\MLOps\MLOPS-Labs\lab0\data\interim\train.csv.
2025-05-09 11:10:08 | INFO     | logger:82 - X_train shape: (713, 24)
2025-05-09 11:10:10 | SUCCESS  | logger:126 - Model saved to E:\ITI Data science\MLOps\MLOPS-Labs\lab0\models\random_forest.pkl.
2025-05-09 11:10:11 | INFO     | logger:82 - Training finished
2025-05-09 11:10:14 | INFO     | logger:82 - loading model
2025-05-09 11:10:19 | SUCCESS  | logger:126 - Dataset loaded from E:\ITI Data science\MLOps\MLOPS-Labs\lab0\data\interim\val.csv.
2025-05-09 11:10:21 | INFO     | logger:82 - creating evaluation report
2025-05-09 11:12:24 | INFO     | logger:82 - Training started
2025-05-09 11:12:25 | SUCCESS  | logger:126 - Dataset loaded from E:\ITI Data science\MLOps\MLOPS-Labs\lab0\data\raw\train.csv.
2025-05-09 11:12:25 | SUCCESS  | logger:126 - Feature engineering completed.
2025-05-09 11:12:25 | SUCCESS  | logger:126 - Dataset saved to E:\ITI Data science\MLOps\MLOPS-Labs\lab0\data\interim\train.csv.
2025-05-09 11:12:27 | SUCCESS  | logger:126 - Dataset split into training and testing sets.
2025-05-09 11:12:29 | SUCCESS  | logger:126 - Dataset saved to E:\ITI Data science\MLOps\MLOPS-Labs\lab0\data\interim\train.csv.
2025-05-09 11:12:29 | SUCCESS  | logger:126 - Dataset saved to E:\ITI Data science\MLOps\MLOPS-Labs\lab0\data\interim\val.csv.
2025-05-09 11:12:29 | INFO     | logger:82 - Columns to drop: ['PassengerId', 'Name', 'Ticket', 'Cabin']
2025-05-09 11:12:29 | INFO     | logger:82 - X_train shape: (713, 11)
2025-05-09 11:12:29 | INFO     | logger:82 - X_val shape: (178, 11)
2025-05-09 11:12:29 | INFO     | logger:82 - y_train shape: (713,)
2025-05-09 11:12:29 | INFO     | logger:82 - y_val shape: (178,)
2025-05-09 11:12:29 | SUCCESS  | logger:126 - Preprocessing train completed.
2025-05-09 11:12:30 | SUCCESS  | logger:126 - Model trained.
2025-05-09 11:12:31 | SUCCESS  | logger:126 - Dataset loaded from E:\ITI Data science\MLOps\MLOPS-Labs\lab0\data\interim\train.csv.
2025-05-09 11:12:31 | INFO     | logger:82 - X_train shape: (713, 24)
2025-05-09 11:12:31 | SUCCESS  | logger:126 - Model saved to E:\ITI Data science\MLOps\MLOPS-Labs\lab0\models\random_forest.pkl.
2025-05-09 11:12:31 | INFO     | logger:82 - Training finished
2025-05-09 11:12:33 | INFO     | logger:82 - loading model
2025-05-09 11:12:34 | SUCCESS  | logger:126 - Dataset loaded from E:\ITI Data science\MLOps\MLOPS-Labs\lab0\data\interim\val.csv.
2025-05-09 11:15:14 | INFO     | logger:82 - Training started
2025-05-09 11:15:14 | SUCCESS  | logger:126 - Dataset loaded from E:\ITI Data science\MLOps\MLOPS-Labs\lab0\data\raw\train.csv.
2025-05-09 11:15:14 | SUCCESS  | logger:126 - Feature engineering completed.
2025-05-09 11:15:14 | SUCCESS  | logger:126 - Dataset saved to E:\ITI Data science\MLOps\MLOPS-Labs\lab0\data\interim\train.csv.
2025-05-09 11:15:15 | SUCCESS  | logger:126 - Dataset split into training and testing sets.
2025-05-09 11:15:17 | SUCCESS  | logger:126 - Dataset saved to E:\ITI Data science\MLOps\MLOPS-Labs\lab0\data\interim\train.csv.
2025-05-09 11:15:19 | SUCCESS  | logger:126 - Dataset saved to E:\ITI Data science\MLOps\MLOPS-Labs\lab0\data\interim\val.csv.
2025-05-09 11:15:19 | INFO     | logger:82 - Columns to drop: ['PassengerId', 'Name', 'Ticket', 'Cabin']
2025-05-09 11:15:22 | INFO     | logger:82 - X_train shape: (713, 11)
2025-05-09 11:15:22 | INFO     | logger:82 - X_val shape: (178, 11)
2025-05-09 11:15:23 | INFO     | logger:82 - y_train shape: (713,)
2025-05-09 11:15:23 | INFO     | logger:82 - y_val shape: (178,)
2025-05-09 11:15:24 | SUCCESS  | logger:126 - Preprocessing train completed.
2025-05-09 11:15:27 | SUCCESS  | logger:126 - Model trained.
2025-05-09 11:15:34 | SUCCESS  | logger:126 - Model saved to E:\ITI Data science\MLOps\MLOPS-Labs\lab0\models\random_forest.pkl.
2025-05-09 11:15:35 | INFO     | logger:82 - Training finished
2025-05-09 11:15:42 | INFO     | logger:82 - loading model
2025-05-09 11:16:25 | INFO     | logger:82 - Training started
2025-05-09 11:16:25 | SUCCESS  | logger:126 - Dataset loaded from E:\ITI Data science\MLOps\MLOPS-Labs\lab0\data\raw\train.csv.
2025-05-09 11:16:26 | SUCCESS  | logger:126 - Feature engineering completed.
2025-05-09 11:16:26 | SUCCESS  | logger:126 - Dataset saved to E:\ITI Data science\MLOps\MLOPS-Labs\lab0\data\interim\train.csv.
2025-05-09 11:16:26 | SUCCESS  | logger:126 - Dataset split into training and testing sets.
2025-05-09 11:16:27 | SUCCESS  | logger:126 - Dataset saved to E:\ITI Data science\MLOps\MLOPS-Labs\lab0\data\interim\train.csv.
2025-05-09 11:16:27 | SUCCESS  | logger:126 - Dataset saved to E:\ITI Data science\MLOps\MLOPS-Labs\lab0\data\interim\val.csv.
2025-05-09 11:16:27 | INFO     | logger:82 - Columns to drop: ['PassengerId', 'Name', 'Ticket', 'Cabin']
2025-05-09 11:16:27 | INFO     | logger:82 - X_train shape: (713, 11)
2025-05-09 11:16:27 | INFO     | logger:82 - X_val shape: (178, 11)
2025-05-09 11:16:27 | INFO     | logger:82 - y_train shape: (713,)
2025-05-09 11:16:27 | INFO     | logger:82 - y_val shape: (178,)
2025-05-09 11:16:27 | SUCCESS  | logger:126 - Preprocessing train completed.
2025-05-09 11:16:28 | SUCCESS  | logger:126 - Model trained.
2025-05-09 11:17:54 | INFO     | logger:82 - Training started
2025-05-09 11:17:55 | SUCCESS  | logger:126 - Dataset loaded from E:\ITI Data science\MLOps\MLOPS-Labs\lab0\data\raw\train.csv.
2025-05-09 11:17:55 | SUCCESS  | logger:126 - Feature engineering completed.
2025-05-09 11:17:55 | SUCCESS  | logger:126 - Dataset saved to E:\ITI Data science\MLOps\MLOPS-Labs\lab0\data\interim\train.csv.
2025-05-09 11:17:56 | SUCCESS  | logger:126 - Dataset split into training and testing sets.
2025-05-09 11:17:57 | SUCCESS  | logger:126 - Dataset saved to E:\ITI Data science\MLOps\MLOPS-Labs\lab0\data\interim\train.csv.
2025-05-09 11:17:58 | SUCCESS  | logger:126 - Dataset saved to E:\ITI Data science\MLOps\MLOPS-Labs\lab0\data\interim\val.csv.
2025-05-09 11:17:59 | INFO     | logger:82 - Columns to drop: ['PassengerId', 'Name', 'Ticket', 'Cabin']
2025-05-09 11:18:02 | INFO     | logger:82 - X_train shape: (713, 11)
2025-05-09 11:18:02 | INFO     | logger:82 - X_val shape: (178, 11)
2025-05-09 11:18:03 | INFO     | logger:82 - y_train shape: (713,)
2025-05-09 11:18:03 | INFO     | logger:82 - y_val shape: (178,)
2025-05-09 11:18:03 | SUCCESS  | logger:126 - Preprocessing train completed.
2025-05-09 11:18:06 | SUCCESS  | logger:126 - Model trained.
2025-05-09 11:18:12 | SUCCESS  | logger:126 - Model saved to E:\ITI Data science\MLOps\MLOPS-Labs\lab0\models\random_forest\random_forest.pkl.
2025-05-09 11:18:14 | INFO     | logger:82 - Training finished
2025-05-09 11:18:23 | INFO     | logger:82 - loading model
2025-05-09 11:18:26 | SUCCESS  | logger:126 - Dataset loaded from E:\ITI Data science\MLOps\MLOPS-Labs\lab0\data\interim\val.csv.
2025-05-09 11:18:28 | INFO     | logger:82 - creating evaluation report
2025-05-09 11:18:32 | INFO     | logger:82 - saving evaluation report
2025-05-09 11:27:56 | INFO     | logger:82 - Training started
2025-05-09 11:27:56 | SUCCESS  | logger:126 - Dataset loaded from E:\ITI Data science\MLOps\MLOPS-Labs\lab0\data\raw\train.csv.
2025-05-09 11:27:56 | SUCCESS  | logger:126 - Feature engineering completed.
2025-05-09 11:27:56 | SUCCESS  | logger:126 - Dataset saved to E:\ITI Data science\MLOps\MLOPS-Labs\lab0\data\interim\train.csv.
2025-05-09 11:27:56 | SUCCESS  | logger:126 - Dataset split into training and testing sets.
2025-05-09 11:27:56 | SUCCESS  | logger:126 - Dataset saved to E:\ITI Data science\MLOps\MLOPS-Labs\lab0\data\interim\train.csv.
2025-05-09 11:27:56 | SUCCESS  | logger:126 - Dataset saved to E:\ITI Data science\MLOps\MLOPS-Labs\lab0\data\interim\val.csv.
2025-05-09 11:27:56 | INFO     | logger:82 - Columns to drop: ['PassengerId', 'Name', 'Ticket', 'Cabin']
2025-05-09 11:27:57 | INFO     | logger:82 - X_train shape: (713, 11)
2025-05-09 11:27:57 | INFO     | logger:82 - X_val shape: (178, 11)
2025-05-09 11:27:57 | INFO     | logger:82 - y_train shape: (713,)
2025-05-09 11:27:57 | INFO     | logger:82 - y_val shape: (178,)
2025-05-09 11:27:57 | SUCCESS  | logger:126 - Preprocessing train completed.
2025-05-09 11:27:57 | SUCCESS  | logger:126 - Model trained.
2025-05-09 11:27:57 | SUCCESS  | logger:126 - Model saved to E:\ITI Data science\MLOps\MLOPS-Labs\lab0\models\random_forest\random_forest.pkl.
2025-05-09 11:27:57 | INFO     | logger:82 - Training finished
2025-05-09 11:27:57 | INFO     | logger:82 - loading model
2025-05-09 11:27:57 | SUCCESS  | logger:126 - Dataset loaded from E:\ITI Data science\MLOps\MLOPS-Labs\lab0\data\interim\val.csv.
2025-05-09 11:27:57 | INFO     | logger:82 - creating evaluation report
2025-05-09 11:27:57 | INFO     | logger:82 - saving evaluation report
2025-05-09 11:28:25 | INFO     | logger:82 - Training started
2025-05-09 11:28:25 | SUCCESS  | logger:126 - Dataset loaded from E:\ITI Data science\MLOps\MLOPS-Labs\lab0\data\raw\train.csv.
2025-05-09 11:28:25 | SUCCESS  | logger:126 - Feature engineering completed.
2025-05-09 11:28:25 | SUCCESS  | logger:126 - Dataset saved to E:\ITI Data science\MLOps\MLOPS-Labs\lab0\data\interim\train.csv.
2025-05-09 11:28:25 | SUCCESS  | logger:126 - Dataset split into training and testing sets.
2025-05-09 11:28:28 | SUCCESS  | logger:126 - Dataset saved to E:\ITI Data science\MLOps\MLOPS-Labs\lab0\data\interim\train.csv.
2025-05-09 11:28:28 | SUCCESS  | logger:126 - Dataset saved to E:\ITI Data science\MLOps\MLOPS-Labs\lab0\data\interim\val.csv.
2025-05-09 11:28:28 | INFO     | logger:82 - Columns to drop: ['PassengerId', 'Name', 'Ticket', 'Cabin']
2025-05-09 11:28:31 | INFO     | logger:82 - X_train shape: (713, 11)
2025-05-09 11:28:31 | INFO     | logger:82 - X_val shape: (178, 11)
2025-05-09 11:28:31 | INFO     | logger:82 - y_train shape: (713,)
2025-05-09 11:28:31 | INFO     | logger:82 - y_val shape: (178,)
2025-05-09 11:28:31 | SUCCESS  | logger:126 - Preprocessing train completed.
2025-05-09 11:28:31 | SUCCESS  | logger:126 - Model trained.
2025-05-09 11:29:31 | INFO     | logger:82 - Training started
2025-05-09 11:29:31 | SUCCESS  | logger:126 - Dataset loaded from E:\ITI Data science\MLOps\MLOPS-Labs\lab0\data\raw\train.csv.
2025-05-09 11:29:31 | SUCCESS  | logger:126 - Feature engineering completed.
2025-05-09 11:29:31 | SUCCESS  | logger:126 - Dataset saved to E:\ITI Data science\MLOps\MLOPS-Labs\lab0\data\interim\train.csv.
2025-05-09 11:29:31 | SUCCESS  | logger:126 - Dataset split into training and testing sets.
2025-05-09 11:29:31 | SUCCESS  | logger:126 - Dataset saved to E:\ITI Data science\MLOps\MLOPS-Labs\lab0\data\interim\train.csv.
2025-05-09 11:29:31 | SUCCESS  | logger:126 - Dataset saved to E:\ITI Data science\MLOps\MLOPS-Labs\lab0\data\interim\val.csv.
2025-05-09 11:29:31 | INFO     | logger:82 - Columns to drop: ['PassengerId', 'Name', 'Ticket', 'Cabin']
2025-05-09 11:29:31 | INFO     | logger:82 - X_train shape: (713, 11)
2025-05-09 11:29:31 | INFO     | logger:82 - X_val shape: (178, 11)
2025-05-09 11:29:31 | INFO     | logger:82 - y_train shape: (713,)
2025-05-09 11:29:31 | INFO     | logger:82 - y_val shape: (178,)
2025-05-09 11:29:31 | SUCCESS  | logger:126 - Preprocessing train completed.
2025-05-09 11:29:31 | SUCCESS  | logger:126 - Model trained.
2025-05-09 11:29:31 | SUCCESS  | logger:126 - Model saved to E:\ITI Data science\MLOps\MLOPS-Labs\lab0\models\random_forest\random_forest.pkl.
2025-05-09 11:29:31 | INFO     | logger:82 - Training finished
2025-05-09 11:29:31 | INFO     | logger:82 - loading model
2025-05-09 11:29:31 | SUCCESS  | logger:126 - Dataset loaded from E:\ITI Data science\MLOps\MLOPS-Labs\lab0\data\interim\val.csv.
2025-05-09 11:29:31 | INFO     | logger:82 - creating evaluation report
2025-05-09 11:29:31 | INFO     | logger:82 - saving evaluation report
2025-05-09 11:34:22 | INFO     | logger:82 - Training started
2025-05-09 11:34:22 | SUCCESS  | logger:126 - Dataset loaded from E:\ITI Data science\MLOps\MLOPS-Labs\lab0\data\raw\train.csv.
2025-05-09 11:34:22 | SUCCESS  | logger:126 - Feature engineering completed.
2025-05-09 11:34:22 | SUCCESS  | logger:126 - Dataset saved to E:\ITI Data science\MLOps\MLOPS-Labs\lab0\data\interim\train.csv.
2025-05-09 11:34:22 | SUCCESS  | logger:126 - Dataset split into training and testing sets.
2025-05-09 11:34:22 | SUCCESS  | logger:126 - Dataset saved to E:\ITI Data science\MLOps\MLOPS-Labs\lab0\data\interim\train.csv.
2025-05-09 11:34:22 | SUCCESS  | logger:126 - Dataset saved to E:\ITI Data science\MLOps\MLOPS-Labs\lab0\data\interim\val.csv.
2025-05-09 11:34:22 | INFO     | logger:82 - Columns to drop: ['PassengerId', 'Name', 'Ticket', 'Cabin']
2025-05-09 11:34:22 | INFO     | logger:82 - X_train shape: (713, 11)
2025-05-09 11:34:22 | INFO     | logger:82 - X_val shape: (178, 11)
2025-05-09 11:34:22 | INFO     | logger:82 - y_train shape: (713,)
2025-05-09 11:34:22 | INFO     | logger:82 - y_val shape: (178,)
2025-05-09 11:34:22 | SUCCESS  | logger:126 - Preprocessing train completed.
2025-05-09 11:34:22 | SUCCESS  | logger:126 - Model trained.
2025-05-09 11:34:22 | SUCCESS  | logger:126 - Processed data saved to E:\ITI Data science\MLOps\MLOPS-Labs\lab0\data\processed\train.csv.
2025-05-09 11:34:22 | SUCCESS  | logger:126 - Processed data saved to E:\ITI Data science\MLOps\MLOPS-Labs\lab0\data\processed\val.csv.
2025-05-09 11:34:22 | SUCCESS  | logger:126 - Model saved to E:\ITI Data science\MLOps\MLOPS-Labs\lab0\models\random_forest\random_forest.pkl.
2025-05-09 11:34:22 | INFO     | logger:82 - Training finished
2025-05-09 11:34:22 | INFO     | logger:82 - loading model
2025-05-09 11:34:22 | SUCCESS  | logger:126 - Dataset loaded from E:\ITI Data science\MLOps\MLOPS-Labs\lab0\data\interim\val.csv.
2025-05-09 11:34:22 | INFO     | logger:82 - creating evaluation report
2025-05-09 11:34:22 | INFO     | logger:82 - saving evaluation report
2025-05-09 11:40:33 | INFO     | logger:82 - Training started
2025-05-09 11:40:33 | SUCCESS  | logger:126 - Dataset loaded from E:\ITI Data science\MLOps\MLOPS-Labs\lab0\data\raw\train.csv.
2025-05-09 11:40:33 | SUCCESS  | logger:126 - Feature engineering completed.
2025-05-09 11:40:33 | SUCCESS  | logger:126 - Dataset saved to E:\ITI Data science\MLOps\MLOPS-Labs\lab0\data\interim\train.csv.
2025-05-09 11:40:33 | SUCCESS  | logger:126 - Dataset split into training and testing sets.
2025-05-09 11:40:33 | SUCCESS  | logger:126 - Dataset saved to E:\ITI Data science\MLOps\MLOPS-Labs\lab0\data\interim\train.csv.
2025-05-09 11:40:33 | SUCCESS  | logger:126 - Dataset saved to E:\ITI Data science\MLOps\MLOPS-Labs\lab0\data\interim\val.csv.
2025-05-09 11:40:33 | INFO     | logger:82 - Columns to drop: ['PassengerId', 'Name', 'Ticket', 'Cabin']
2025-05-09 11:40:33 | INFO     | logger:82 - X_train shape: (713, 11)
2025-05-09 11:40:33 | INFO     | logger:82 - X_val shape: (178, 11)
2025-05-09 11:40:33 | INFO     | logger:82 - y_train shape: (713,)
2025-05-09 11:40:33 | INFO     | logger:82 - y_val shape: (178,)
2025-05-09 11:40:33 | SUCCESS  | logger:126 - Preprocessing train completed.
2025-05-09 11:40:33 | SUCCESS  | logger:126 - Model trained.
2025-05-09 11:40:33 | SUCCESS  | logger:126 - Processed data saved to E:\ITI Data science\MLOps\MLOPS-Labs\lab0\data\processed\train.csv.
2025-05-09 11:40:33 | SUCCESS  | logger:126 - Processed data saved to E:\ITI Data science\MLOps\MLOPS-Labs\lab0\data\processed\val.csv.
2025-05-09 11:40:33 | SUCCESS  | logger:126 - Model saved to E:\ITI Data science\MLOps\MLOPS-Labs\lab0\models\random_forest\random_forest.pkl.
2025-05-09 11:40:33 | INFO     | logger:82 - Training finished
2025-05-09 11:40:33 | INFO     | logger:82 - loading model
2025-05-09 11:40:34 | SUCCESS  | logger:126 - Dataset loaded from E:\ITI Data science\MLOps\MLOPS-Labs\lab0\data\interim\val.csv.
2025-05-09 11:40:34 | INFO     | logger:82 - creating evaluation report
2025-05-09 11:40:34 | INFO     | logger:82 - saving evaluation report
2025-05-09 11:40:34 | INFO     | logger:82 - loading model
2025-05-09 11:40:34 | SUCCESS  | logger:126 - Dataset loaded from E:\ITI Data science\MLOps\MLOPS-Labs\lab0\data\raw\test.csv.
2025-05-09 11:40:34 | SUCCESS  | logger:126 - Feature engineering completed.
2025-05-09 11:40:34 | SUCCESS  | logger:126 - Dataset saved to E:\ITI Data science\MLOps\MLOPS-Labs\lab0\data\interim\train.csv.
2025-05-09 11:40:34 | INFO     | logger:82 - creating submission file
2025-05-09 11:41:10 | INFO     | logger:82 - Training started
2025-05-09 11:41:10 | SUCCESS  | logger:126 - Dataset loaded from E:\ITI Data science\MLOps\MLOPS-Labs\lab0\data\raw\train.csv.
2025-05-09 11:41:10 | SUCCESS  | logger:126 - Feature engineering completed.
2025-05-09 11:41:10 | SUCCESS  | logger:126 - Dataset saved to E:\ITI Data science\MLOps\MLOPS-Labs\lab0\data\interim\train.csv.
2025-05-09 11:41:11 | SUCCESS  | logger:126 - Dataset split into training and testing sets.
2025-05-09 11:41:11 | SUCCESS  | logger:126 - Dataset saved to E:\ITI Data science\MLOps\MLOPS-Labs\lab0\data\interim\train.csv.
2025-05-09 11:41:11 | SUCCESS  | logger:126 - Dataset saved to E:\ITI Data science\MLOps\MLOPS-Labs\lab0\data\interim\val.csv.
2025-05-09 11:41:11 | INFO     | logger:82 - Columns to drop: ['PassengerId', 'Name', 'Ticket', 'Cabin']
2025-05-09 11:41:11 | INFO     | logger:82 - X_train shape: (713, 11)
2025-05-09 11:41:11 | INFO     | logger:82 - X_val shape: (178, 11)
2025-05-09 11:41:11 | INFO     | logger:82 - y_train shape: (713,)
2025-05-09 11:41:11 | INFO     | logger:82 - y_val shape: (178,)
2025-05-09 11:41:11 | SUCCESS  | logger:126 - Preprocessing train completed.
2025-05-09 11:41:12 | SUCCESS  | logger:126 - Model trained.
2025-05-09 11:41:13 | SUCCESS  | logger:126 - Processed data saved to E:\ITI Data science\MLOps\MLOPS-Labs\lab0\data\processed\train.csv.
2025-05-09 11:41:14 | SUCCESS  | logger:126 - Processed data saved to E:\ITI Data science\MLOps\MLOPS-Labs\lab0\data\processed\val.csv.
2025-05-09 11:41:17 | SUCCESS  | logger:126 - Model saved to E:\ITI Data science\MLOps\MLOPS-Labs\lab0\models\random_forest\random_forest.pkl.
2025-05-09 11:41:18 | INFO     | logger:82 - Training finished
2025-05-09 11:41:22 | INFO     | logger:82 - loading model
2025-05-09 11:41:23 | SUCCESS  | logger:126 - Dataset loaded from E:\ITI Data science\MLOps\MLOPS-Labs\lab0\data\interim\val.csv.
2025-05-09 11:41:27 | INFO     | logger:82 - creating evaluation report
2025-05-09 11:41:30 | INFO     | logger:82 - saving evaluation report
2025-05-09 11:41:32 | INFO     | logger:82 - loading model
2025-05-09 11:41:32 | SUCCESS  | logger:126 - Dataset loaded from E:\ITI Data science\MLOps\MLOPS-Labs\lab0\data\raw\test.csv.
2025-05-09 11:41:32 | SUCCESS  | logger:126 - Feature engineering completed.
2025-05-09 11:41:32 | SUCCESS  | logger:126 - Dataset saved to E:\ITI Data science\MLOps\MLOPS-Labs\lab0\data\interim\train.csv.
2025-05-09 11:41:32 | INFO     | logger:82 - creating submission file
2025-05-09 11:41:54 | INFO     | logger:82 - Training started
2025-05-09 11:41:54 | SUCCESS  | logger:126 - Dataset loaded from E:\ITI Data science\MLOps\MLOPS-Labs\lab0\data\raw\train.csv.
2025-05-09 11:41:54 | SUCCESS  | logger:126 - Feature engineering completed.
2025-05-09 11:41:54 | SUCCESS  | logger:126 - Dataset saved to E:\ITI Data science\MLOps\MLOPS-Labs\lab0\data\interim\train.csv.
2025-05-09 11:41:54 | SUCCESS  | logger:126 - Dataset split into training and testing sets.
2025-05-09 11:41:54 | SUCCESS  | logger:126 - Dataset saved to E:\ITI Data science\MLOps\MLOPS-Labs\lab0\data\interim\train.csv.
2025-05-09 11:41:54 | SUCCESS  | logger:126 - Dataset saved to E:\ITI Data science\MLOps\MLOPS-Labs\lab0\data\interim\val.csv.
2025-05-09 11:41:54 | INFO     | logger:82 - Columns to drop: ['PassengerId', 'Name', 'Ticket', 'Cabin']
2025-05-09 11:41:54 | INFO     | logger:82 - X_train shape: (713, 11)
2025-05-09 11:41:54 | INFO     | logger:82 - X_val shape: (178, 11)
2025-05-09 11:41:54 | INFO     | logger:82 - y_train shape: (713,)
2025-05-09 11:41:54 | INFO     | logger:82 - y_val shape: (178,)
2025-05-09 11:41:54 | SUCCESS  | logger:126 - Preprocessing train completed.
2025-05-09 11:41:54 | SUCCESS  | logger:126 - Model trained.
2025-05-09 11:41:54 | SUCCESS  | logger:126 - Processed data saved to E:\ITI Data science\MLOps\MLOPS-Labs\lab0\data\processed\train.csv.
2025-05-09 11:41:54 | SUCCESS  | logger:126 - Processed data saved to E:\ITI Data science\MLOps\MLOPS-Labs\lab0\data\processed\val.csv.
2025-05-09 11:41:54 | SUCCESS  | logger:126 - Model saved to E:\ITI Data science\MLOps\MLOPS-Labs\lab0\models\random_forest\random_forest.pkl.
2025-05-09 11:41:54 | INFO     | logger:82 - Training finished
2025-05-09 11:41:54 | INFO     | logger:82 - loading model
2025-05-09 11:41:54 | SUCCESS  | logger:126 - Dataset loaded from E:\ITI Data science\MLOps\MLOPS-Labs\lab0\data\interim\val.csv.
2025-05-09 11:41:54 | INFO     | logger:82 - creating evaluation report
2025-05-09 11:41:54 | INFO     | logger:82 - saving evaluation report
2025-05-09 11:41:54 | INFO     | logger:82 - loading model
2025-05-09 11:41:54 | SUCCESS  | logger:126 - Dataset loaded from E:\ITI Data science\MLOps\MLOPS-Labs\lab0\data\raw\test.csv.
2025-05-09 11:41:54 | SUCCESS  | logger:126 - Feature engineering completed.
2025-05-09 11:41:54 | SUCCESS  | logger:126 - Dataset saved to E:\ITI Data science\MLOps\MLOPS-Labs\lab0\data\interim\train.csv.
2025-05-09 11:41:54 | INFO     | logger:82 - creating submission file
2025-05-09 12:15:53 | INFO     | logger:82 - Training started
2025-05-09 12:15:53 | ERROR    | logger:104 - Invalid data type. Expected a file path (str) or a DataFrame.
2025-05-09 12:17:18 | INFO     | logger:82 - Training started
2025-05-09 12:18:12 | INFO     | logger:82 - Training started
2025-05-09 12:18:18 | SUCCESS  | logger:126 - Dataset loaded from E:\ITI Data science\MLOps\MLOPS-Labs\lab0\data\raw\train.csv.
2025-05-09 12:18:19 | SUCCESS  | logger:126 - Feature engineering completed.
2025-05-09 12:18:19 | SUCCESS  | logger:126 - Dataset saved to E:\ITI Data science\MLOps\MLOPS-Labs\lab0\data\interim\train.csv.
2025-05-09 12:18:19 | SUCCESS  | logger:126 - Dataset split into training and testing sets.
2025-05-09 12:18:19 | SUCCESS  | logger:126 - Dataset saved to E:\ITI Data science\MLOps\MLOPS-Labs\lab0\data\interim\train.csv.
2025-05-09 12:18:19 | SUCCESS  | logger:126 - Dataset saved to E:\ITI Data science\MLOps\MLOPS-Labs\lab0\data\interim\val.csv.
2025-05-09 12:18:19 | INFO     | logger:82 - Columns to drop: ['PassengerId', 'Name', 'Ticket', 'Cabin']
2025-05-09 12:18:20 | INFO     | logger:82 - X_train shape: (713, 11)
2025-05-09 12:18:20 | INFO     | logger:82 - X_val shape: (178, 11)
2025-05-09 12:18:20 | INFO     | logger:82 - y_train shape: (713,)
2025-05-09 12:18:20 | INFO     | logger:82 - y_val shape: (178,)
2025-05-09 12:18:20 | SUCCESS  | logger:126 - Preprocessing train completed.
2025-05-09 12:18:20 | SUCCESS  | logger:126 - Model trained.
2025-05-09 12:18:20 | SUCCESS  | logger:126 - Processed data saved to E:\ITI Data science\MLOps\MLOPS-Labs\lab0\data\processed\train.csv.
2025-05-09 12:18:38 | INFO     | logger:82 - Training started
2025-05-09 12:18:38 | SUCCESS  | logger:126 - Dataset loaded from E:\ITI Data science\MLOps\MLOPS-Labs\lab0\data\raw\train.csv.
2025-05-09 12:18:38 | SUCCESS  | logger:126 - Feature engineering completed.
2025-05-09 12:18:38 | SUCCESS  | logger:126 - Dataset saved to E:\ITI Data science\MLOps\MLOPS-Labs\lab0\data\interim\train.csv.
2025-05-09 12:18:38 | SUCCESS  | logger:126 - Dataset split into training and testing sets.
2025-05-09 12:18:38 | SUCCESS  | logger:126 - Dataset saved to E:\ITI Data science\MLOps\MLOPS-Labs\lab0\data\interim\train.csv.
2025-05-09 12:18:38 | SUCCESS  | logger:126 - Dataset saved to E:\ITI Data science\MLOps\MLOPS-Labs\lab0\data\interim\val.csv.
2025-05-09 12:18:38 | INFO     | logger:82 - Columns to drop: ['PassengerId', 'Name', 'Ticket', 'Cabin']
2025-05-09 12:18:38 | INFO     | logger:82 - X_train shape: (713, 11)
2025-05-09 12:18:38 | INFO     | logger:82 - X_val shape: (178, 11)
2025-05-09 12:18:38 | INFO     | logger:82 - y_train shape: (713,)
2025-05-09 12:18:38 | INFO     | logger:82 - y_val shape: (178,)
2025-05-09 12:18:38 | SUCCESS  | logger:126 - Preprocessing train completed.
2025-05-09 12:18:38 | SUCCESS  | logger:126 - Model trained.
2025-05-09 12:18:38 | SUCCESS  | logger:126 - Processed data saved to E:\ITI Data science\MLOps\MLOPS-Labs\lab0\data\processed\train.csv.
2025-05-09 12:18:38 | SUCCESS  | logger:126 - Processed data saved to E:\ITI Data science\MLOps\MLOPS-Labs\lab0\data\processed\val.csv.
2025-05-09 12:18:38 | SUCCESS  | logger:126 - Model saved to E:\ITI Data science\MLOps\MLOPS-Labs\lab0\models\random_forest\random_forest.pkl.
2025-05-09 12:18:38 | INFO     | logger:82 - Training finished
2025-05-09 12:18:38 | INFO     | logger:82 - loading model
2025-05-09 12:18:38 | SUCCESS  | logger:126 - Dataset loaded from E:\ITI Data science\MLOps\MLOPS-Labs\lab0\data\interim\val.csv.
2025-05-09 12:18:38 | INFO     | logger:82 - creating evaluation report
2025-05-09 12:18:38 | INFO     | logger:82 - saving evaluation report
2025-05-09 12:18:38 | INFO     | logger:82 - loading model
2025-05-09 12:18:38 | SUCCESS  | logger:126 - Dataset loaded from E:\ITI Data science\MLOps\MLOPS-Labs\lab0\data\raw\test.csv.
2025-05-09 12:18:38 | SUCCESS  | logger:126 - Feature engineering completed.
2025-05-09 12:18:38 | SUCCESS  | logger:126 - Dataset saved to E:\ITI Data science\MLOps\MLOPS-Labs\lab0\data\interim\train.csv.
2025-05-09 12:18:38 | INFO     | logger:82 - creating submission file
