2025-05-21 12:30:15 | INFO     | logger:82 - Connecting To MotherDuck to Get/Load Data
2025-05-21 12:31:21 | INFO     | logger:82 - Getting Scoring Data From MotherDuck
2025-05-21 12:36:25 | INFO     | logger:82 - Connecting To MotherDuck to Get/Load Data
2025-05-21 12:36:28 | INFO     | logger:82 - Getting Scoring Data From MotherDuck
2025-05-21 12:38:04 | INFO     | logger:82 - Connecting To MotherDuck to Get/Load Data
2025-05-21 12:38:06 | INFO     | logger:82 - Getting Scoring Data From MotherDuck
2025-05-21 12:39:03 | INFO     | logger:82 - Connecting To MotherDuck to Get/Load Data
2025-05-21 12:39:05 | INFO     | logger:82 - Getting Scoring Data From MotherDuck
2025-05-21 12:41:07 | INFO     | logger:82 - Connecting To MotherDuck to Get/Load Data
2025-05-21 12:41:08 | INFO     | logger:82 - Connecting To MotherDuck to Get/Load Data
2025-05-21 12:41:10 | INFO     | logger:82 - Getting Scoring Data From MotherDuck
2025-05-21 12:41:10 | INFO     | logger:82 - Getting Scoring Data From MotherDuck
2025-05-21 12:41:54 | ERROR    | logger:104 - An error occurred during forecasting: Forecasters do not support categorical features in endogeneous y.
2025-05-21 12:44:11 | INFO     | logger:82 - Connecting To MotherDuck to Get/Load Data
2025-05-21 12:44:16 | INFO     | logger:82 - Getting Scoring Data From MotherDuck
2025-05-21 12:44:33 | ERROR    | logger:104 - An error occurred during forecasting: Unsupported input data type in Prophet, input y must be in an sktime compatible format. Allowed scitypes for y in forecasting are Series, Panel, Hierarchical, for instance a pandas.DataFrame with sktime compatible time indices, or with MultiIndex and last(-1) level an sktime compatible time index. See the forecasting tutorial examples/01_forecasting.ipynb, or the data format tutorial examples/AA_datatypes_and_datasets.ipynb See the data format tutorial examples/AA_datatypes_and_datasets.ipynb. If you think the data is already in an sktime supported input format, run sktime.datatypes.check_raise(data, mtype) to diagnose the error, where mtype is the string of the type specification you want. Error message for checked mtypes, in format [mtype: message], as follows: [pd_multiindex_hier: y must have a MultiIndex, found <class 'pandas.core.indexes.datetimes.DatetimeIndex'>]  [df-list: y must be of python type list, or a subtype thereof, but found <class 'pandas.core.frame.DataFrame'>]  [gluonts_ListDataset_panel: y must be of python type list, or a subtype thereof, but found <class 'pandas.core.frame.DataFrame'>]  [nested_univ: y All columns must be object, found <class 'pandas.core.frame.DataFrame'>]  [numpy3D: y must be of python type numpy.ndarray, or a subtype thereof, but found <class 'pandas.core.frame.DataFrame'>]  [pd-multiindex: y must have a MultiIndex, found <class 'pandas.core.indexes.datetimes.DatetimeIndex'>]  [np.ndarray: y must be of python type numpy.ndarray, or a subtype thereof, but found <class 'pandas.core.frame.DataFrame'>]  [pd.DataFrame: The (time) index of y must be sorted monotonically increasing, but found: DatetimeIndex(['2025-04-20', '2025-04-21', '2025-04-19', '2025-04-22',
               '2025-05-13', '2025-05-15', '2025-04-30', '2025-05-05',
               '2025-05-11', '2025-04-23', '2025-05-03', '2025-05-07',
               '2025-05-08', '2025-04-27', '2025-04-26', '2025-05-14',
               '2025-04-28', '2025-04-18', '2025-05-10', '2025-04-29',
               '2025-04-24', '2025-05-01', '2025-05-02', '2025-05-04',
               '2025-05-06', '2025-04-25', '2025-05-09', '2025-05-12'],
              dtype='datetime64[us]', name='day_date', freq=None)]  [pd.Series: y must be of python type pandas.Series, or a subtype thereof, but found <class 'pandas.core.frame.DataFrame'>] 
2025-05-21 12:46:23 | INFO     | logger:82 - Connecting To MotherDuck to Get/Load Data
2025-05-21 12:46:25 | INFO     | logger:82 - Getting Scoring Data From MotherDuck
2025-05-21 12:47:33 | ERROR    | logger:104 - An error occurred during forecasting: 'Prophet' object has no attribute 'make_future_dataframe'
2025-05-21 12:50:31 | INFO     | logger:82 - Connecting To MotherDuck to Get/Load Data
2025-05-21 12:50:36 | INFO     | logger:82 - Getting Scoring Data From MotherDuck
2025-05-21 12:51:26 | ERROR    | logger:104 - An error occurred during forecasting: "None of [Index(['ds', 'yhat'], dtype='object')] are in the [columns]"
2025-05-21 12:52:42 | INFO     | logger:82 - Connecting To MotherDuck to Get/Load Data
2025-05-21 12:52:46 | INFO     | logger:82 - Getting Scoring Data From MotherDuck
2025-05-21 12:57:44 | INFO     | logger:82 - Connecting To MotherDuck to Get/Load Data
2025-05-21 12:57:47 | INFO     | logger:82 - Getting Scoring Data From MotherDuck
2025-05-21 13:03:00 | INFO     | logger:82 - Connecting To MotherDuck to Get/Load Data
2025-05-21 13:03:03 | INFO     | logger:82 - Getting Scoring Data From MotherDuck
2025-05-21 13:03:21 | INFO     | logger:82 - Model Forecasted Next 10 days
2025-05-21 19:01:21 | INFO     | logger:82 - Connecting To MotherDuck to Get/Load Data
2025-05-21 19:01:25 | INFO     | logger:82 - Getting Scoring Data From MotherDuck
2025-05-21 19:02:39 | INFO     | logger:82 - No Records in Scoring data..
2025-05-21 19:02:42 | INFO     | logger:82 - Connection with MotherDuck Closed
2025-05-21 19:21:58 | INFO     | logger:82 - Connecting To MotherDuck to Get/Load Data
2025-05-21 19:22:04 | INFO     | logger:82 - Getting Scoring Data From MotherDuck
2025-05-21 19:23:06 | INFO     | logger:82 - Model Forecasted Next 10 days
2025-05-21 19:23:52 | INFO     | logger:82 - Connecting To MotherDuck to Get/Load Data
2025-05-21 19:23:59 | INFO     | logger:82 - Getting Scoring Data From MotherDuck
2025-05-21 19:27:20 | INFO     | logger:82 - Connecting To MotherDuck to Get/Load Data
2025-05-21 19:27:24 | INFO     | logger:82 - Getting Scoring Data From MotherDuck
2025-05-21 19:27:32 | INFO     | logger:82 - Model Forecasted Next 10 days
2025-05-21 19:27:34 | INFO     | logger:82 - Data Loaded into MotherDuck
2025-05-21 19:27:34 | INFO     | logger:82 - Deleting Out of Range Data
2025-05-21 19:27:34 | INFO     | logger:82 - Data Deleted Successfully
2025-05-21 19:27:34 | INFO     | logger:82 - Connection with MotherDuck Closed
2025-05-21 19:29:12 | INFO     | logger:82 - Connecting To MotherDuck to Get/Load Data
2025-05-21 19:29:17 | INFO     | logger:82 - Getting Scoring Data From MotherDuck
